// Jest Snapshot v1, https://goo.gl/fbAQLP

exports[`Check if Arrow button was created 1`] = `false`;

exports[`Check if Arrow button was created 2`] = `false`;

exports[`Check if Arrow button was created 3`] = `false`;
